
> career-hub@0.1.0 build
> next build

Γû▓ Next.js 16.1.6 (Turbopack)
- Environments: .env.local, .env

node.exe : ΓÜá The "middleware" file 
convention is deprecated. Please use 
"proxy" instead. Learn more: https://nextjs.
org/docs/messages/middleware-to-proxy
At line:1 char:1
+ & "C:\Program Files\nodejs/node.exe" 
"C:\Users\PcWay\AppData\Roaming\ ...
+ ~~~~~~~~~~~~~~~~~~~~~~~~~~~~~~~~~~~~~~~~~~
~~~~~~~~~~~~~~~~~~~~~~~~~~~
    + CategoryInfo          : NotSpecified: 
    (ΓÜá The "middle...leware-to-proxy:Str  
  ing) [], RemoteException
    + FullyQualifiedErrorId : NativeCommand 
   Error
 
  Creating an optimized production build ...
Γ£ô Compiled successfully in 5.3s
  Running TypeScript ...
Failed to compile.

.next/types/validator.ts:144:31
Type error: Type 'typeof import("D:/AG2/care
er-hub/src/app/api/jobs/[id]/route")' does 
not satisfy the constraint 
'RouteHandlerConfig<"/api/jobs/[id]">'.
  Types of property 'PATCH' are 
incompatible.
    Type '(req: Request, { params }: { 
params: { id: string; }; }) => 
Promise<NextResponse<unknown>>' is not 
assignable to type '(request: NextRequest, 
context: { params: Promise<{ id: string; 
}>; }) => void | Response | Promise<void | 
Response>'.
      Types of parameters '__1' and 
'context' are incompatible.
        Type '{ params: Promise<{ id: 
string; }>; }' is not assignable to type '{ 
params: { id: string; }; }'.
          Types of property 'params' are 
incompatible.
            Property 'id' is missing in 
type 'Promise<{ id: string; }>' but 
required in type '{ id: string; }'.

[0m [90m 142 |[39m   type 
__IsExpected[33m<[39m[33mSpecific[39m 
[36mextends[39m [33mRouteHandlerConfig[3
9m[33m<[39m[32m"/api/jobs/[id]"[39m[33m
>>[39m [33m=[39m [33mSpecific[39m
 [90m 143 |[39m   [36mconst[39m handler 
[33m=[39m {} [36mas[39m 
[36mtypeof[39m [36mimport[39m([32m"../.
./src/app/api/jobs/[id]/route.js"[39m)
[31m[1m>[22m[39m[90m 144 |[39m   type 
__Check [33m=[39m 
__IsExpected[33m<[39m[36mtypeof[39m 
handler[33m>[39m
 [90m     |[39m                           
    [31m[1m^[22m[39m
 [90m 145 |[39m   [90m// @ts-ignore[39m
 [90m 146 |[39m   type __Unused 
[33m=[39m __Check
 [90m 147 |[39m }[0m
Next.js build worker exited with code: 1 
and signal: null
